08:27:29.573 [main                     ] DEBUG Logger               - Configured Logger
08:27:29.583 [main                     ] DEBUG GameApplication      - Logging settings
Title: ping pong
Version: 
Width: 640
Height: 360
Fullscreen: false
Intro: false
Profiling: false
Single step:false
App Mode: DEVELOPER
Menu Key: ESCAPE
Stage Style: DECORATED
Scene Factory: class com.almasb.fxgl.app.scene.SceneFactory

08:27:30.298 [JavaFX Application Thread] DEBUG FXGLApplication      - Initializing FXGL
08:27:30.304 [JavaFX Application Thread] INFO  Engine               - FXGL-25 (05.02.2026 22.57) on WINDOWS (J:26 FX:25.0.1)
08:27:30.304 [JavaFX Application Thread] DEBUG Engine               - JRE Vendor Name: Oracle Corporation
08:27:30.304 [JavaFX Application Thread] DEBUG Engine               - Running on OS: Windows 11 version 10.0
08:27:30.305 [JavaFX Application Thread] DEBUG Engine               - Architecture: amd64
08:27:30.305 [JavaFX Application Thread] INFO  Engine               - Source code and latest versions at: https://github.com/AlmasB/FXGL
08:27:30.305 [JavaFX Application Thread] INFO  Engine               -       Ask questions and discuss at: https://github.com/AlmasB/FXGL/discussions
08:27:30.449 [JavaFX Application Thread] DEBUG PrimaryStageWindow   - Creating a JavaFX scene
08:27:30.530 [JavaFX Application Thread] DEBUG PrimaryStageWindow   - Target settings size: 640.0 x 360.0
08:27:30.530 [JavaFX Application Thread] DEBUG PrimaryStageWindow   - Scaled scene size:    640.0 x 360.0
08:27:30.531 [JavaFX Application Thread] DEBUG PrimaryStageWindow   - Scaled ratio: (1.0, 1.0)
08:27:30.533 [JavaFX Application Thread] DEBUG PrimaryStageWindow   - Set initial scene to FXGLStartupScene
08:27:30.540 [JavaFX Application Thread] DEBUG PrimaryStageWindow   - Opening main window
08:27:30.926 [JavaFX Application Thread] DEBUG PrimaryStageWindow   - Window border size: (14.66668701171875, 37.333343505859375)
08:27:30.926 [JavaFX Application Thread] DEBUG PrimaryStageWindow   - Scaled size: 640.0 x 360.0
08:27:30.926 [JavaFX Application Thread] DEBUG PrimaryStageWindow   - Scaled ratio: (1.0, 1.0)
08:27:30.926 [JavaFX Application Thread] DEBUG PrimaryStageWindow   - Scene size: 640.0 x 360.0
08:27:30.927 [JavaFX Application Thread] DEBUG PrimaryStageWindow   - Stage size: 654.6666870117188 x 397.3333435058594
08:27:30.940 [FXGL Background Thread 1 ] DEBUG Engine               - Initializing environment variables
08:27:31.016 [FXGL Background Thread 1 ] DEBUG FXGLAssetLoaderServi - User app class for loading assets: class com.nando.PingpongApp
08:27:31.016 [FXGL Background Thread 1 ] DEBUG GameApplicationServi - Applying CSS: fxgl_dark.css
08:27:31.017 [FXGL Background Thread 1 ] DEBUG FXGLAssetLoaderServi - Loading from file system: jar:file:/C:/Users/nando/.m2/repository/com/github/almasb/fxgl/25/fxgl-25.jar!/fxglassets/ui/css/fxgl_dark.css
08:27:31.075 [FXGL Background Thread 1 ] DEBUG GameApplicationServi - Initializing application scenes
08:27:31.122 [FXGL Background Thread 1 ] DEBUG GameWorld            - Game world initialized
08:27:31.175 [FXGL Background Thread 1 ] DEBUG PhysicsWorld         - Physics world initialized: appHeight=360, physics.ppm=50,0
08:27:31.175 [FXGL Background Thread 1 ] DEBUG PhysicsWorld         - Using strategy: BRUTE_FORCE
08:27:31.182 [FXGL Background Thread 1 ] DEBUG GameScene            - Game scene initialized: 640x360
08:27:31.197 [FXGL Background Thread 1 ] WARN  FXGL.DefaultMenu     - FXGLDefaultMenu is not designed for resolutions < 800x600
08:27:31.197 [FXGL Background Thread 1 ] DEBUG FXGL.DefaultMenu     - createMenuBodyGameMenu()
08:27:31.221 [FXGL Background Thread 1 ] DEBUG FXGL.DefaultMenu     - createOptionsMenu()
08:27:31.235 [FXGL Background Thread 1 ] DEBUG FXGLAssetLoaderServi - Loading from file system: jar:file:/C:/Users/nando/.m2/repository/com/github/almasb/fxgl/25/fxgl-25.jar!/fxglassets/textures/particles/smoke.png
08:27:31.353 [FXGL Background Thread 1 ] DEBUG FXGLAssetLoaderServi - Loading from file system: jar:file:/C:/Users/nando/.m2/repository/com/github/almasb/fxgl/25/fxgl-25.jar!/fxglassets/textures/particles/trace_horizontal.png
08:27:31.394 [FXGL Background Thread 1 ] DEBUG GameApplicationServi - Application scenes initialized
08:27:31.411 [FXGL Background Thread 1 ] DEBUG SystemBundleService  - Loading FXGL system data
08:27:31.416 [FXGL Background Thread 1 ] DEBUG FileSystemAccess     - Reading from: D:\project\java\GameApp\system\fxgl.bundle
08:27:31.424 [FXGL Background Thread 1 ] DEBUG SystemBundleService  - Bundle FXGL: {}
08:27:31.424 [FXGL Background Thread 1 ] DEBUG UpdaterService       - Checking for updates
08:27:31.434 [FXGL Background Thread 4 ] DEBUG FXGLApplication      - Loading fonts
08:27:31.435 [FXGL Background Thread 4 ] DEBUG FXGLAssetLoaderServi - Loading from file system: jar:file:/C:/Users/nando/.m2/repository/com/github/almasb/fxgl/25/fxgl-25.jar!/fxglassets/ui/fonts/VarelaRound-Regular.ttf
08:27:31.435 [FXGL Background Thread 1 ] DEBUG FXGLApplication      - Loading default localization
08:27:31.436 [FXGL Background Thread 1 ] DEBUG FXGLAssetLoaderServi - Loading from file system: jar:file:/C:/Users/nando/.m2/repository/com/github/almasb/fxgl/25/fxgl-25.jar!/fxglassets/languages/english.lang
08:27:31.457 [FXGL Background Thread 1 ] INFO  FXGLApplication      - FXGL initialization took: 0,517 sec
08:27:31.469 [JavaFX Application Thread] DEBUG Input                - Registered new binding: kanan - Right
08:27:31.470 [JavaFX Application Thread] DEBUG Input                - Registered new binding: kiri - Left
08:27:31.470 [JavaFX Application Thread] DEBUG Input                - Registered new binding: ballrun - Space
08:27:31.470 [JavaFX Application Thread] DEBUG FXGLAssetLoaderServi - Loading from file system: jar:file:/C:/Users/nando/.m2/repository/com/github/almasb/fxgl/25/fxgl-25.jar!/fxglassets/textures/fxgl_icon.png
08:27:31.486 [FXGL Background Thread 4 ] DEBUG FXGLAssetLoaderServi - Loading from file system: jar:file:/C:/Users/nando/.m2/repository/com/github/almasb/fxgl/25/fxgl-25.jar!/fxglassets/ui/fonts/Abel-Regular.ttf
08:27:31.492 [FXGL Background Thread 4 ] DEBUG FXGLAssetLoaderServi - Loading from file system: jar:file:/C:/Users/nando/.m2/repository/com/github/almasb/fxgl/25/fxgl-25.jar!/fxglassets/ui/fonts/TerminalLandMono-Regular.otf
08:27:31.498 [FXGL Background Thread 4 ] DEBUG FXGLAssetLoaderServi - Loading from file system: jar:file:/C:/Users/nando/.m2/repository/com/github/almasb/fxgl/25/fxgl-25.jar!/fxglassets/ui/fonts/Courier-Prime.ttf
08:27:31.503 [JavaFX Application Thread] DEBUG FXGLAssetLoaderServi - Loading from file system: jar:file:/C:/Users/nando/.m2/repository/com/github/almasb/fxgl/25/fxgl-25.jar!/fxglassets/textures/fxgl_default_cursor.png
08:27:31.506 [JavaFX Application Thread] DEBUG Input                - Registered new binding: Screenshot - CTRL+8
08:27:31.506 [JavaFX Application Thread] DEBUG Input                - Registered new binding: System info dump - CTRL+9
08:27:31.507 [JavaFX Application Thread] DEBUG Input                - Registered new binding: Restart - CTRL+R
08:27:31.508 [JavaFX Application Thread] DEBUG Input                - Registered new binding: Toggle Debug Camera - CTRL+7
08:27:31.512 [JavaFX Application Thread] DEBUG LoopRunner           - Starting loop
08:27:31.512 [JavaFX Application Thread] DEBUG LoopRunner           - Initializing JavaFX AnimationTimerLoop
08:27:31.515 [JavaFX Application Thread] DEBUG GameApplicationServi - Starting new game
08:27:31.516 [JavaFX Application Thread] DEBUG Input                - Clearing active input actions
08:27:31.531 [JavaFX Application Thread] DEBUG GameApplicationServi - Removing overlay from FXGLStartupScene and adding to FXGLLoadingScene
08:27:31.532 [JavaFX Application Thread] DEBUG PrimaryStageWindow   - FXGLStartupScene -> FXGLLoadingScene
08:27:31.532 [JavaFX Application Thread] DEBUG GameApplicationServi - Clearing previous game
08:27:31.532 [JavaFX Application Thread] DEBUG GameScene            - Clearing game scene
08:27:31.532 [JavaFX Application Thread] DEBUG GameWorld            - Clearing game world
08:27:31.532 [JavaFX Application Thread] DEBUG PhysicsWorld         - Clearing physics world
08:27:31.534 [JavaFX Application Thread] DEBUG FXGLApplication      - Registering font factories with UI factory
08:27:31.534 [FXGL Background Thread 4 ] DEBUG FXGLApplication      - Initializing game
08:27:31.596 [FXGL Background Thread 4 ] INFO  FXGLApplication      - Game initialization took: 0,062 sec
08:27:31.687 [JavaFX Application Thread] DEBUG Input                - Clearing active input actions
08:27:31.704 [JavaFX Application Thread] DEBUG GameApplicationServi - Removing overlay from FXGLLoadingScene and adding to GameScene
08:27:31.705 [JavaFX Application Thread] DEBUG PrimaryStageWindow   - FXGLLoadingScene -> GameScene
08:27:32.791 [JavaFX Application Thread] DEBUG FXGLAssetLoaderServi - Loading from file system: file:/D:/project/java/GameApp/target/classes/assets/sounds/sound.wav
08:27:34.430 [FXGL Background Thread 3 ] DEBUG Engine               - Logging environment variables
08:27:34.433 [FXGL Background Thread 3 ] DEBUG Engine               - achievements: []
08:27:34.433 [FXGL Background Thread 3 ] DEBUG Engine               - actualHeight: 360.0
08:27:34.434 [FXGL Background Thread 3 ] DEBUG Engine               - actualHeightProperty: ReadOnlyDoubleProperty [value: 360.0]
08:27:34.434 [FXGL Background Thread 3 ] DEBUG Engine               - actualWidth: 640.0
08:27:34.434 [FXGL Background Thread 3 ] DEBUG Engine               - actualWidthProperty: ReadOnlyDoubleProperty [value: 640.0]
08:27:34.434 [FXGL Background Thread 3 ] DEBUG Engine               - appIcon: fxgl_icon.png
08:27:34.434 [FXGL Background Thread 3 ] DEBUG Engine               - applicationMode: DEVELOPER
08:27:34.435 [FXGL Background Thread 3 ] DEBUG Engine               - cSSList: [fxgl_dark.css]
08:27:34.435 [FXGL Background Thread 3 ] DEBUG Engine               - collisionDetectionStrategy: BRUTE_FORCE
08:27:34.435 [FXGL Background Thread 3 ] DEBUG Engine               - configClass: Optional.empty
08:27:34.435 [FXGL Background Thread 3 ] DEBUG Engine               - credits: []
08:27:34.436 [FXGL Background Thread 3 ] DEBUG Engine               - defaultCursor: CursorInfo(imageName=fxgl_default_cursor.png, hotspotX=7.0, hotspotY=6.0)
08:27:34.436 [FXGL Background Thread 3 ] DEBUG Engine               - devBBoxColorProperty: ObjectProperty [value: 0xff0000ff]
08:27:34.436 [FXGL Background Thread 3 ] DEBUG Engine               - devEnableDebugCameraProperty: BooleanProperty [value: false]
08:27:34.436 [FXGL Background Thread 3 ] DEBUG Engine               - devSensorColorProperty: ObjectProperty [value: 0xffff00ff]
08:27:34.436 [FXGL Background Thread 3 ] DEBUG Engine               - devShowBBoxProperty: BooleanProperty [value: false]
08:27:34.437 [FXGL Background Thread 3 ] DEBUG Engine               - devShowPositionProperty: BooleanProperty [value: false]
08:27:34.437 [FXGL Background Thread 3 ] DEBUG Engine               - enabledMenuItems: []
08:27:34.437 [FXGL Background Thread 3 ] DEBUG Engine               - engineServices: [class com.almasb.fxgl.app.services.FXGLAssetLoaderService, class com.almasb.fxgl.app.FXGLApplication$GameApplicationService, class com.almasb.fxgl.app.services.FXGLDialogService, class com.almasb.fxgl.app.services.IOTaskExecutorService, class com.almasb.fxgl.io.FileSystemService, class com.almasb.fxgl.localization.LocalizationService, class com.almasb.fxgl.app.services.SystemBundleService, class com.almasb.fxgl.profile.SaveLoadService, class com.almasb.fxgl.ui.FXGLUIFactoryServiceProvider, class com.almasb.fxgl.ui.FXGLDialogFactoryServiceProvider, class com.almasb.fxgl.audio.AudioPlayer, class com.almasb.fxgl.notification.impl.NotificationServiceProvider, class com.almasb.fxgl.achievement.AchievementService, class com.almasb.fxgl.cutscene.CutsceneService, class com.almasb.fxgl.minigames.MiniGameService, class com.almasb.fxgl.net.NetService, class com.almasb.fxgl.app.services.UpdaterService, class com.almasb.fxgl.dev.DevService]
08:27:34.437 [FXGL Background Thread 3 ] DEBUG Engine               - fontGame: Abel-Regular.ttf
08:27:34.437 [FXGL Background Thread 3 ] DEBUG Engine               - fontMono: TerminalLandMono-Regular.otf
08:27:34.437 [FXGL Background Thread 3 ] DEBUG Engine               - fontSizeScaleUI: 1.0
08:27:34.437 [FXGL Background Thread 3 ] DEBUG Engine               - fontText: Courier-Prime.ttf
08:27:34.437 [FXGL Background Thread 3 ] DEBUG Engine               - fontUI: VarelaRound-Regular.ttf
08:27:34.438 [FXGL Background Thread 3 ] DEBUG Engine               - fpsRefreshRate: 500.0 ms
08:27:34.438 [FXGL Background Thread 3 ] DEBUG Engine               - fullScreen: BooleanProperty [value: false]
08:27:34.438 [FXGL Background Thread 3 ] DEBUG Engine               - gameDifficulty: MEDIUM
08:27:34.438 [FXGL Background Thread 3 ] DEBUG Engine               - gameDifficultyProperty: ObjectProperty [value: MEDIUM]
08:27:34.438 [FXGL Background Thread 3 ] DEBUG Engine               - globalMusicVolume: 0.5
08:27:34.438 [FXGL Background Thread 3 ] DEBUG Engine               - globalMusicVolumeProperty: DoubleProperty [value: 0.5]
08:27:34.438 [FXGL Background Thread 3 ] DEBUG Engine               - globalSoundVolume: 0.5
08:27:34.438 [FXGL Background Thread 3 ] DEBUG Engine               - globalSoundVolumeProperty: DoubleProperty [value: 0.5]
08:27:34.439 [FXGL Background Thread 3 ] DEBUG Engine               - height: 360
08:27:34.439 [FXGL Background Thread 3 ] DEBUG Engine               - is3D: false
08:27:34.439 [FXGL Background Thread 3 ] DEBUG Engine               - isAndroid: false
08:27:34.439 [FXGL Background Thread 3 ] DEBUG Engine               - isBrowser: false
08:27:34.439 [FXGL Background Thread 3 ] DEBUG Engine               - isClickFeedbackEnabled: false
08:27:34.439 [FXGL Background Thread 3 ] DEBUG Engine               - isCloseConfirmation: false
08:27:34.439 [FXGL Background Thread 3 ] DEBUG Engine               - isDesktop: true
08:27:34.439 [FXGL Background Thread 3 ] DEBUG Engine               - isDeveloperMenuEnabled: false
08:27:34.439 [FXGL Background Thread 3 ] DEBUG Engine               - isEmbedded: false
08:27:34.439 [FXGL Background Thread 3 ] DEBUG Engine               - isEntityPreloadEnabled: true
08:27:34.439 [FXGL Background Thread 3 ] DEBUG Engine               - isExperimentalTiledLargeMap: false
08:27:34.440 [FXGL Background Thread 3 ] DEBUG Engine               - isFileSystemWriteAllowed: true
08:27:34.440 [FXGL Background Thread 3 ] DEBUG Engine               - isFullScreenAllowed: false
08:27:34.440 [FXGL Background Thread 3 ] DEBUG Engine               - isFullScreenFromStart: false
08:27:34.440 [FXGL Background Thread 3 ] DEBUG Engine               - isGameMenuEnabled: true
08:27:34.440 [FXGL Background Thread 3 ] DEBUG Engine               - isIOS: false
08:27:34.441 [FXGL Background Thread 3 ] DEBUG Engine               - isIntroEnabled: false
08:27:34.441 [FXGL Background Thread 3 ] DEBUG Engine               - isLinux: false
08:27:34.441 [FXGL Background Thread 3 ] DEBUG Engine               - isMac: false
08:27:34.441 [FXGL Background Thread 3 ] DEBUG Engine               - isMainMenuEnabled: false
08:27:34.441 [FXGL Background Thread 3 ] DEBUG Engine               - isManualResizeEnabled: false
08:27:34.441 [FXGL Background Thread 3 ] DEBUG Engine               - isMobile: false
08:27:34.441 [FXGL Background Thread 3 ] DEBUG Engine               - isNative: false
08:27:34.441 [FXGL Background Thread 3 ] DEBUG Engine               - isPauseMusicWhenMinimized: true
08:27:34.442 [FXGL Background Thread 3 ] DEBUG Engine               - isPreserveResizeRatio: false
08:27:34.442 [FXGL Background Thread 3 ] DEBUG Engine               - isProfilingEnabled: false
08:27:34.442 [FXGL Background Thread 3 ] DEBUG Engine               - isScaleAffectedOnResize: true
08:27:34.442 [FXGL Background Thread 3 ] DEBUG Engine               - isSingleStep: false
08:27:34.442 [FXGL Background Thread 3 ] DEBUG Engine               - isUserProfileEnabled: false
08:27:34.442 [FXGL Background Thread 3 ] DEBUG Engine               - isWindows: true
08:27:34.442 [FXGL Background Thread 3 ] DEBUG Engine               - language: ObjectProperty [value: ENGLISH]
08:27:34.442 [FXGL Background Thread 3 ] DEBUG Engine               - menuKey: ESCAPE
08:27:34.442 [FXGL Background Thread 3 ] DEBUG Engine               - mouseSensitivity: 0.2
08:27:34.442 [FXGL Background Thread 3 ] DEBUG Engine               - notificationViewClass: class com.almasb.fxgl.notification.view.XboxNotificationView
08:27:34.443 [FXGL Background Thread 3 ] DEBUG Engine               - pixelsPerMeter: 50.0
08:27:34.443 [FXGL Background Thread 3 ] DEBUG Engine               - platform: WINDOWS
08:27:34.443 [FXGL Background Thread 3 ] DEBUG Engine               - prefHeightProperty: ReadOnlyDoubleProperty [value: 360.0]
08:27:34.443 [FXGL Background Thread 3 ] DEBUG Engine               - prefWidthProperty: ReadOnlyDoubleProperty [value: 640.0]
08:27:34.443 [FXGL Background Thread 3 ] DEBUG Engine               - profileDir: profiles/
08:27:34.443 [FXGL Background Thread 3 ] DEBUG Engine               - profileName: StringProperty [value: DEFAULT]
08:27:34.443 [FXGL Background Thread 3 ] DEBUG Engine               - randomSeed: -1
08:27:34.444 [FXGL Background Thread 3 ] DEBUG Engine               - runtimeInfo: RuntimeInfo(platform=WINDOWS, version=25, build=05.02.2026 22.57)
08:27:34.444 [FXGL Background Thread 3 ] DEBUG Engine               - saveFileExt: sav
08:27:34.444 [FXGL Background Thread 3 ] DEBUG Engine               - scaledHeightProp$fxgl: DoubleProperty [bound, value: 360.0]
08:27:34.444 [FXGL Background Thread 3 ] DEBUG Engine               - scaledWidthProp$fxgl: DoubleProperty [bound, value: 640.0]
08:27:34.444 [FXGL Background Thread 3 ] DEBUG Engine               - sceneFactory: com.almasb.fxgl.app.scene.SceneFactory@6c993465
08:27:34.444 [FXGL Background Thread 3 ] DEBUG Engine               - secondsIn24h: 60
08:27:34.444 [FXGL Background Thread 3 ] DEBUG Engine               - soundMenuBack: menu/back.wav
08:27:34.444 [FXGL Background Thread 3 ] DEBUG Engine               - soundMenuPress: menu/press.wav
08:27:34.444 [FXGL Background Thread 3 ] DEBUG Engine               - soundMenuSelect: menu/select.wav
08:27:34.444 [FXGL Background Thread 3 ] DEBUG Engine               - soundNotification: core/notification.wav
08:27:34.444 [FXGL Background Thread 3 ] DEBUG Engine               - stageStyle: DECORATED
08:27:34.444 [FXGL Background Thread 3 ] DEBUG Engine               - supportedLanguages: [ENGLISH, FRENCH, GERMAN, HUNGARIAN, RUSSIAN]
08:27:34.445 [FXGL Background Thread 3 ] DEBUG Engine               - ticksPerSecond: -1
08:27:34.445 [FXGL Background Thread 3 ] DEBUG Engine               - title: ping pong
08:27:34.445 [FXGL Background Thread 3 ] DEBUG Engine               - urlGithub: https://github.com/AlmasB/FXGL
08:27:34.445 [FXGL Background Thread 3 ] DEBUG Engine               - urlLeaderboard: http://fxgl-top.herokuapp.com/
08:27:34.445 [FXGL Background Thread 3 ] DEBUG Engine               - urlPOM: https://raw.githubusercontent.com/AlmasB/FXGL/release/README.md
08:27:34.445 [FXGL Background Thread 3 ] DEBUG Engine               - userAppClass: class com.nando.PingpongApp
08:27:34.445 [FXGL Background Thread 3 ] DEBUG Engine               - version: 
08:27:34.445 [FXGL Background Thread 3 ] DEBUG Engine               - versionCheckDays: 7
08:27:34.445 [FXGL Background Thread 3 ] DEBUG Engine               - width: 640
08:27:34.445 [FXGL Background Thread 3 ] DEBUG Engine               - Logging services
08:27:34.446 [FXGL Background Thread 3 ] DEBUG Engine               - class com.almasb.fxgl.app.services.FXGLAssetLoaderService
08:27:34.446 [FXGL Background Thread 3 ] DEBUG Engine               - class com.almasb.fxgl.app.FXGLApplication$GameApplicationService
08:27:34.446 [FXGL Background Thread 3 ] DEBUG Engine               - class com.almasb.fxgl.app.services.FXGLDialogService
08:27:34.446 [FXGL Background Thread 3 ] DEBUG Engine               - class com.almasb.fxgl.app.services.IOTaskExecutorService
08:27:34.446 [FXGL Background Thread 3 ] DEBUG Engine               - class com.almasb.fxgl.io.FileSystemService
08:27:34.446 [FXGL Background Thread 3 ] DEBUG Engine               - class com.almasb.fxgl.localization.LocalizationService
08:27:34.446 [FXGL Background Thread 3 ] DEBUG Engine               - class com.almasb.fxgl.app.services.SystemBundleService
08:27:34.446 [FXGL Background Thread 3 ] DEBUG Engine               - class com.almasb.fxgl.profile.SaveLoadService
08:27:34.446 [FXGL Background Thread 3 ] DEBUG Engine               - class com.almasb.fxgl.ui.FXGLUIFactoryServiceProvider
08:27:34.446 [FXGL Background Thread 3 ] DEBUG Engine               - class com.almasb.fxgl.ui.FXGLDialogFactoryServiceProvider
08:27:34.446 [FXGL Background Thread 3 ] DEBUG Engine               - class com.almasb.fxgl.audio.AudioPlayer
08:27:34.446 [FXGL Background Thread 3 ] DEBUG Engine               - class com.almasb.fxgl.notification.impl.NotificationServiceProvider
08:27:34.446 [FXGL Background Thread 3 ] DEBUG Engine               - class com.almasb.fxgl.achievement.AchievementService
08:27:34.447 [FXGL Background Thread 3 ] DEBUG Engine               - class com.almasb.fxgl.cutscene.CutsceneService
08:27:34.447 [FXGL Background Thread 3 ] DEBUG Engine               - class com.almasb.fxgl.minigames.MiniGameService
08:27:34.447 [FXGL Background Thread 3 ] DEBUG Engine               - class com.almasb.fxgl.net.NetService
08:27:34.447 [FXGL Background Thread 3 ] DEBUG Engine               - class com.almasb.fxgl.app.services.UpdaterService
08:27:34.447 [FXGL Background Thread 3 ] DEBUG Engine               - class com.almasb.fxgl.dev.DevService
08:27:39.643 [JavaFX Application Thread] DEBUG FXGLApplication      - Exiting FXGL
08:27:39.644 [JavaFX Application Thread] DEBUG LoopRunner           - Stopping loop
08:27:39.645 [JavaFX Application Thread] DEBUG SystemBundleService  - Saving FXGL system data
08:27:39.647 [JavaFX Application Thread] DEBUG FileSystemAccess     - Writing to: D:\project\java\GameApp\system\fxgl.bundle
08:27:39.651 [JavaFX Application Thread] DEBUG Async                - Shutting down background threads
08:27:39.651 [JavaFX Application Thread] DEBUG PrimaryStageWindow   - Closing main window
08:27:39.684 [JavaFX Application Thread] DEBUG Logger               - Closing Logger
