08:27:01.335 [main                     ] DEBUG Logger               - Configured Logger
08:27:01.343 [main                     ] DEBUG GameApplication      - Logging settings
Title: ping pong
Version: 
Width: 640
Height: 360
Fullscreen: false
Intro: false
Profiling: false
Single step:false
App Mode: DEVELOPER
Menu Key: ESCAPE
Stage Style: DECORATED
Scene Factory: class com.almasb.fxgl.app.scene.SceneFactory

08:27:02.094 [JavaFX Application Thread] DEBUG FXGLApplication      - Initializing FXGL
08:27:02.099 [JavaFX Application Thread] INFO  Engine               - FXGL-25 (05.02.2026 22.57) on WINDOWS (J:26 FX:25.0.1)
08:27:02.100 [JavaFX Application Thread] DEBUG Engine               - JRE Vendor Name: Oracle Corporation
08:27:02.100 [JavaFX Application Thread] DEBUG Engine               - Running on OS: Windows 11 version 10.0
08:27:02.100 [JavaFX Application Thread] DEBUG Engine               - Architecture: amd64
08:27:02.100 [JavaFX Application Thread] INFO  Engine               - Source code and latest versions at: https://github.com/AlmasB/FXGL
08:27:02.100 [JavaFX Application Thread] INFO  Engine               -       Ask questions and discuss at: https://github.com/AlmasB/FXGL/discussions
08:27:02.253 [JavaFX Application Thread] DEBUG PrimaryStageWindow   - Creating a JavaFX scene
08:27:02.339 [JavaFX Application Thread] DEBUG PrimaryStageWindow   - Target settings size: 640.0 x 360.0
08:27:02.340 [JavaFX Application Thread] DEBUG PrimaryStageWindow   - Scaled scene size:    640.0 x 360.0
08:27:02.340 [JavaFX Application Thread] DEBUG PrimaryStageWindow   - Scaled ratio: (1.0, 1.0)
08:27:02.342 [JavaFX Application Thread] DEBUG PrimaryStageWindow   - Set initial scene to FXGLStartupScene
08:27:02.348 [JavaFX Application Thread] DEBUG PrimaryStageWindow   - Opening main window
08:27:02.734 [JavaFX Application Thread] DEBUG PrimaryStageWindow   - Window border size: (14.66668701171875, 37.333343505859375)
08:27:02.735 [JavaFX Application Thread] DEBUG PrimaryStageWindow   - Scaled size: 640.0 x 360.0
08:27:02.735 [JavaFX Application Thread] DEBUG PrimaryStageWindow   - Scaled ratio: (1.0, 1.0)
08:27:02.735 [JavaFX Application Thread] DEBUG PrimaryStageWindow   - Scene size: 640.0 x 360.0
08:27:02.735 [JavaFX Application Thread] DEBUG PrimaryStageWindow   - Stage size: 654.6666870117188 x 397.3333435058594
08:27:02.749 [FXGL Background Thread 1 ] DEBUG Engine               - Initializing environment variables
08:27:02.813 [FXGL Background Thread 1 ] DEBUG FXGLAssetLoaderServi - User app class for loading assets: class com.nando.PingpongApp
08:27:02.813 [FXGL Background Thread 1 ] DEBUG GameApplicationServi - Applying CSS: fxgl_dark.css
08:27:02.814 [FXGL Background Thread 1 ] DEBUG FXGLAssetLoaderServi - Loading from file system: jar:file:/C:/Users/nando/.m2/repository/com/github/almasb/fxgl/25/fxgl-25.jar!/fxglassets/ui/css/fxgl_dark.css
08:27:02.876 [FXGL Background Thread 1 ] DEBUG GameApplicationServi - Initializing application scenes
08:27:02.933 [FXGL Background Thread 1 ] DEBUG GameWorld            - Game world initialized
08:27:02.978 [FXGL Background Thread 1 ] DEBUG PhysicsWorld         - Physics world initialized: appHeight=360, physics.ppm=50,0
08:27:02.978 [FXGL Background Thread 1 ] DEBUG PhysicsWorld         - Using strategy: BRUTE_FORCE
08:27:02.984 [FXGL Background Thread 1 ] DEBUG GameScene            - Game scene initialized: 640x360
08:27:02.999 [FXGL Background Thread 1 ] WARN  FXGL.DefaultMenu     - FXGLDefaultMenu is not designed for resolutions < 800x600
08:27:02.999 [FXGL Background Thread 1 ] DEBUG FXGL.DefaultMenu     - createMenuBodyGameMenu()
08:27:03.025 [FXGL Background Thread 1 ] DEBUG FXGL.DefaultMenu     - createOptionsMenu()
08:27:03.038 [FXGL Background Thread 1 ] DEBUG FXGLAssetLoaderServi - Loading from file system: jar:file:/C:/Users/nando/.m2/repository/com/github/almasb/fxgl/25/fxgl-25.jar!/fxglassets/textures/particles/smoke.png
08:27:03.165 [FXGL Background Thread 1 ] DEBUG FXGLAssetLoaderServi - Loading from file system: jar:file:/C:/Users/nando/.m2/repository/com/github/almasb/fxgl/25/fxgl-25.jar!/fxglassets/textures/particles/trace_horizontal.png
08:27:03.202 [FXGL Background Thread 1 ] DEBUG GameApplicationServi - Application scenes initialized
08:27:03.219 [FXGL Background Thread 1 ] DEBUG SystemBundleService  - Loading FXGL system data
08:27:03.224 [FXGL Background Thread 1 ] DEBUG FileSystemAccess     - Reading from: D:\project\java\GameApp\system\fxgl.bundle
08:27:03.233 [FXGL Background Thread 1 ] DEBUG SystemBundleService  - Bundle FXGL: {}
08:27:03.233 [FXGL Background Thread 1 ] DEBUG UpdaterService       - Checking for updates
08:27:03.238 [FXGL Background Thread 4 ] DEBUG FXGLApplication      - Loading fonts
08:27:03.239 [FXGL Background Thread 4 ] DEBUG FXGLAssetLoaderServi - Loading from file system: jar:file:/C:/Users/nando/.m2/repository/com/github/almasb/fxgl/25/fxgl-25.jar!/fxglassets/ui/fonts/VarelaRound-Regular.ttf
08:27:03.240 [FXGL Background Thread 1 ] DEBUG FXGLApplication      - Loading default localization
08:27:03.240 [FXGL Background Thread 1 ] DEBUG FXGLAssetLoaderServi - Loading from file system: jar:file:/C:/Users/nando/.m2/repository/com/github/almasb/fxgl/25/fxgl-25.jar!/fxglassets/languages/english.lang
08:27:03.259 [FXGL Background Thread 1 ] INFO  FXGLApplication      - FXGL initialization took: 0,511 sec
08:27:03.270 [JavaFX Application Thread] DEBUG Input                - Registered new binding: kanan - Right
08:27:03.271 [JavaFX Application Thread] DEBUG Input                - Registered new binding: kiri - Left
08:27:03.271 [JavaFX Application Thread] DEBUG Input                - Registered new binding: ballrun - Space
08:27:03.271 [JavaFX Application Thread] DEBUG FXGLAssetLoaderServi - Loading from file system: jar:file:/C:/Users/nando/.m2/repository/com/github/almasb/fxgl/25/fxgl-25.jar!/fxglassets/textures/fxgl_icon.png
08:27:03.282 [FXGL Background Thread 4 ] DEBUG FXGLAssetLoaderServi - Loading from file system: jar:file:/C:/Users/nando/.m2/repository/com/github/almasb/fxgl/25/fxgl-25.jar!/fxglassets/ui/fonts/Abel-Regular.ttf
08:27:03.288 [FXGL Background Thread 4 ] DEBUG FXGLAssetLoaderServi - Loading from file system: jar:file:/C:/Users/nando/.m2/repository/com/github/almasb/fxgl/25/fxgl-25.jar!/fxglassets/ui/fonts/TerminalLandMono-Regular.otf
08:27:03.293 [FXGL Background Thread 4 ] DEBUG FXGLAssetLoaderServi - Loading from file system: jar:file:/C:/Users/nando/.m2/repository/com/github/almasb/fxgl/25/fxgl-25.jar!/fxglassets/ui/fonts/Courier-Prime.ttf
08:27:03.299 [JavaFX Application Thread] DEBUG FXGLAssetLoaderServi - Loading from file system: jar:file:/C:/Users/nando/.m2/repository/com/github/almasb/fxgl/25/fxgl-25.jar!/fxglassets/textures/fxgl_default_cursor.png
08:27:03.302 [JavaFX Application Thread] DEBUG Input                - Registered new binding: Screenshot - CTRL+8
08:27:03.302 [JavaFX Application Thread] DEBUG Input                - Registered new binding: System info dump - CTRL+9
08:27:03.303 [JavaFX Application Thread] DEBUG Input                - Registered new binding: Restart - CTRL+R
08:27:03.305 [JavaFX Application Thread] DEBUG Input                - Registered new binding: Toggle Debug Camera - CTRL+7
08:27:03.308 [JavaFX Application Thread] DEBUG LoopRunner           - Starting loop
08:27:03.308 [JavaFX Application Thread] DEBUG LoopRunner           - Initializing JavaFX AnimationTimerLoop
08:27:03.311 [JavaFX Application Thread] DEBUG GameApplicationServi - Starting new game
08:27:03.313 [JavaFX Application Thread] DEBUG Input                - Clearing active input actions
08:27:03.331 [JavaFX Application Thread] DEBUG GameApplicationServi - Removing overlay from FXGLStartupScene and adding to FXGLLoadingScene
08:27:03.331 [JavaFX Application Thread] DEBUG PrimaryStageWindow   - FXGLStartupScene -> FXGLLoadingScene
08:27:03.331 [JavaFX Application Thread] DEBUG GameApplicationServi - Clearing previous game
08:27:03.331 [JavaFX Application Thread] DEBUG GameScene            - Clearing game scene
08:27:03.332 [JavaFX Application Thread] DEBUG GameWorld            - Clearing game world
08:27:03.332 [JavaFX Application Thread] DEBUG PhysicsWorld         - Clearing physics world
08:27:03.334 [FXGL Background Thread 4 ] DEBUG FXGLApplication      - Initializing game
08:27:03.394 [JavaFX Application Thread] DEBUG FXGLApplication      - Registering font factories with UI factory
08:27:03.414 [FXGL Background Thread 4 ] INFO  FXGLApplication      - Game initialization took: 0,080 sec
08:27:03.506 [JavaFX Application Thread] DEBUG Input                - Clearing active input actions
08:27:03.519 [JavaFX Application Thread] DEBUG GameApplicationServi - Removing overlay from FXGLLoadingScene and adding to GameScene
08:27:03.519 [JavaFX Application Thread] DEBUG PrimaryStageWindow   - FXGLLoadingScene -> GameScene
08:27:04.664 [JavaFX Application Thread] WARN  FXGLAssetLoaderServi - Asset "/assets/sounds/sound.wav" was not found!
08:27:04.664 [JavaFX Application Thread] WARN  FXGLAssetLoaderServi - Failed to load SOUND
08:27:04.696 [JavaFX Application Thread] WARN  FXGLAssetLoaderServi - Asset "/assets/sounds/sound.wav" was not found!
08:27:04.696 [JavaFX Application Thread] WARN  FXGLAssetLoaderServi - Failed to load SOUND
08:27:04.711 [JavaFX Application Thread] WARN  FXGLAssetLoaderServi - Asset "/assets/sounds/sound.wav" was not found!
08:27:04.711 [JavaFX Application Thread] WARN  FXGLAssetLoaderServi - Failed to load SOUND
08:27:04.728 [JavaFX Application Thread] WARN  FXGLAssetLoaderServi - Asset "/assets/sounds/sound.wav" was not found!
08:27:04.728 [JavaFX Application Thread] WARN  FXGLAssetLoaderServi - Failed to load SOUND
08:27:04.743 [JavaFX Application Thread] WARN  FXGLAssetLoaderServi - Asset "/assets/sounds/sound.wav" was not found!
08:27:04.744 [JavaFX Application Thread] WARN  FXGLAssetLoaderServi - Failed to load SOUND
08:27:04.759 [JavaFX Application Thread] WARN  FXGLAssetLoaderServi - Asset "/assets/sounds/sound.wav" was not found!
08:27:04.761 [JavaFX Application Thread] WARN  FXGLAssetLoaderServi - Failed to load SOUND
08:27:04.775 [JavaFX Application Thread] WARN  FXGLAssetLoaderServi - Asset "/assets/sounds/sound.wav" was not found!
08:27:04.776 [JavaFX Application Thread] WARN  FXGLAssetLoaderServi - Failed to load SOUND
08:27:04.790 [JavaFX Application Thread] WARN  FXGLAssetLoaderServi - Asset "/assets/sounds/sound.wav" was not found!
08:27:04.791 [JavaFX Application Thread] WARN  FXGLAssetLoaderServi - Failed to load SOUND
08:27:04.807 [JavaFX Application Thread] WARN  FXGLAssetLoaderServi - Asset "/assets/sounds/sound.wav" was not found!
08:27:04.807 [JavaFX Application Thread] WARN  FXGLAssetLoaderServi - Failed to load SOUND
08:27:04.823 [JavaFX Application Thread] WARN  FXGLAssetLoaderServi - Asset "/assets/sounds/sound.wav" was not found!
08:27:04.823 [JavaFX Application Thread] WARN  FXGLAssetLoaderServi - Failed to load SOUND
08:27:04.839 [JavaFX Application Thread] WARN  FXGLAssetLoaderServi - Asset "/assets/sounds/sound.wav" was not found!
08:27:04.839 [JavaFX Application Thread] WARN  FXGLAssetLoaderServi - Failed to load SOUND
08:27:04.855 [JavaFX Application Thread] WARN  FXGLAssetLoaderServi - Asset "/assets/sounds/sound.wav" was not found!
08:27:04.855 [JavaFX Application Thread] WARN  FXGLAssetLoaderServi - Failed to load SOUND
08:27:04.871 [JavaFX Application Thread] WARN  FXGLAssetLoaderServi - Asset "/assets/sounds/sound.wav" was not found!
08:27:04.872 [JavaFX Application Thread] WARN  FXGLAssetLoaderServi - Failed to load SOUND
08:27:04.887 [JavaFX Application Thread] WARN  FXGLAssetLoaderServi - Asset "/assets/sounds/sound.wav" was not found!
08:27:04.887 [JavaFX Application Thread] WARN  FXGLAssetLoaderServi - Failed to load SOUND
08:27:04.903 [JavaFX Application Thread] WARN  FXGLAssetLoaderServi - Asset "/assets/sounds/sound.wav" was not found!
08:27:04.903 [JavaFX Application Thread] WARN  FXGLAssetLoaderServi - Failed to load SOUND
08:27:04.919 [JavaFX Application Thread] WARN  FXGLAssetLoaderServi - Asset "/assets/sounds/sound.wav" was not found!
08:27:04.919 [JavaFX Application Thread] WARN  FXGLAssetLoaderServi - Failed to load SOUND
08:27:04.935 [JavaFX Application Thread] WARN  FXGLAssetLoaderServi - Asset "/assets/sounds/sound.wav" was not found!
08:27:04.935 [JavaFX Application Thread] WARN  FXGLAssetLoaderServi - Failed to load SOUND
08:27:05.223 [JavaFX Application Thread] WARN  FXGLAssetLoaderServi - Asset "/assets/sounds/sound.wav" was not found!
08:27:05.223 [JavaFX Application Thread] WARN  FXGLAssetLoaderServi - Failed to load SOUND
08:27:05.239 [JavaFX Application Thread] WARN  FXGLAssetLoaderServi - Asset "/assets/sounds/sound.wav" was not found!
08:27:05.239 [JavaFX Application Thread] WARN  FXGLAssetLoaderServi - Failed to load SOUND
08:27:05.255 [JavaFX Application Thread] WARN  FXGLAssetLoaderServi - Asset "/assets/sounds/sound.wav" was not found!
08:27:05.255 [JavaFX Application Thread] WARN  FXGLAssetLoaderServi - Failed to load SOUND
08:27:05.271 [JavaFX Application Thread] WARN  FXGLAssetLoaderServi - Asset "/assets/sounds/sound.wav" was not found!
08:27:05.271 [JavaFX Application Thread] WARN  FXGLAssetLoaderServi - Failed to load SOUND
08:27:05.287 [JavaFX Application Thread] WARN  FXGLAssetLoaderServi - Asset "/assets/sounds/sound.wav" was not found!
08:27:05.287 [JavaFX Application Thread] WARN  FXGLAssetLoaderServi - Failed to load SOUND
08:27:05.303 [JavaFX Application Thread] WARN  FXGLAssetLoaderServi - Asset "/assets/sounds/sound.wav" was not found!
08:27:05.303 [JavaFX Application Thread] WARN  FXGLAssetLoaderServi - Failed to load SOUND
08:27:05.319 [JavaFX Application Thread] WARN  FXGLAssetLoaderServi - Asset "/assets/sounds/sound.wav" was not found!
08:27:05.319 [JavaFX Application Thread] WARN  FXGLAssetLoaderServi - Failed to load SOUND
08:27:05.335 [JavaFX Application Thread] WARN  FXGLAssetLoaderServi - Asset "/assets/sounds/sound.wav" was not found!
08:27:05.335 [JavaFX Application Thread] WARN  FXGLAssetLoaderServi - Failed to load SOUND
08:27:05.350 [JavaFX Application Thread] WARN  FXGLAssetLoaderServi - Asset "/assets/sounds/sound.wav" was not found!
08:27:05.351 [JavaFX Application Thread] WARN  FXGLAssetLoaderServi - Failed to load SOUND
08:27:05.366 [JavaFX Application Thread] WARN  FXGLAssetLoaderServi - Asset "/assets/sounds/sound.wav" was not found!
08:27:05.367 [JavaFX Application Thread] WARN  FXGLAssetLoaderServi - Failed to load SOUND
08:27:05.382 [JavaFX Application Thread] WARN  FXGLAssetLoaderServi - Asset "/assets/sounds/sound.wav" was not found!
08:27:05.383 [JavaFX Application Thread] WARN  FXGLAssetLoaderServi - Failed to load SOUND
08:27:05.398 [JavaFX Application Thread] WARN  FXGLAssetLoaderServi - Asset "/assets/sounds/sound.wav" was not found!
08:27:05.398 [JavaFX Application Thread] WARN  FXGLAssetLoaderServi - Failed to load SOUND
08:27:05.414 [JavaFX Application Thread] WARN  FXGLAssetLoaderServi - Asset "/assets/sounds/sound.wav" was not found!
08:27:05.414 [JavaFX Application Thread] WARN  FXGLAssetLoaderServi - Failed to load SOUND
08:27:05.430 [JavaFX Application Thread] WARN  FXGLAssetLoaderServi - Asset "/assets/sounds/sound.wav" was not found!
08:27:05.431 [JavaFX Application Thread] WARN  FXGLAssetLoaderServi - Failed to load SOUND
08:27:05.446 [JavaFX Application Thread] WARN  FXGLAssetLoaderServi - Asset "/assets/sounds/sound.wav" was not found!
08:27:05.447 [JavaFX Application Thread] WARN  FXGLAssetLoaderServi - Failed to load SOUND
08:27:05.462 [JavaFX Application Thread] WARN  FXGLAssetLoaderServi - Asset "/assets/sounds/sound.wav" was not found!
08:27:05.462 [JavaFX Application Thread] WARN  FXGLAssetLoaderServi - Failed to load SOUND
08:27:05.478 [JavaFX Application Thread] WARN  FXGLAssetLoaderServi - Asset "/assets/sounds/sound.wav" was not found!
08:27:05.479 [JavaFX Application Thread] WARN  FXGLAssetLoaderServi - Failed to load SOUND
08:27:05.510 [JavaFX Application Thread] WARN  FXGLAssetLoaderServi - Asset "/assets/sounds/sound.wav" was not found!
08:27:05.511 [JavaFX Application Thread] WARN  FXGLAssetLoaderServi - Failed to load SOUND
08:27:05.527 [JavaFX Application Thread] WARN  FXGLAssetLoaderServi - Asset "/assets/sounds/sound.wav" was not found!
08:27:05.527 [JavaFX Application Thread] WARN  FXGLAssetLoaderServi - Failed to load SOUND
08:27:05.543 [JavaFX Application Thread] WARN  FXGLAssetLoaderServi - Asset "/assets/sounds/sound.wav" was not found!
08:27:05.543 [JavaFX Application Thread] WARN  FXGLAssetLoaderServi - Failed to load SOUND
08:27:05.559 [JavaFX Application Thread] WARN  FXGLAssetLoaderServi - Asset "/assets/sounds/sound.wav" was not found!
08:27:05.559 [JavaFX Application Thread] WARN  FXGLAssetLoaderServi - Failed to load SOUND
08:27:05.574 [JavaFX Application Thread] WARN  FXGLAssetLoaderServi - Asset "/assets/sounds/sound.wav" was not found!
08:27:05.574 [JavaFX Application Thread] WARN  FXGLAssetLoaderServi - Failed to load SOUND
08:27:05.590 [JavaFX Application Thread] WARN  FXGLAssetLoaderServi - Asset "/assets/sounds/sound.wav" was not found!
08:27:05.590 [JavaFX Application Thread] WARN  FXGLAssetLoaderServi - Failed to load SOUND
08:27:05.606 [JavaFX Application Thread] WARN  FXGLAssetLoaderServi - Asset "/assets/sounds/sound.wav" was not found!
08:27:05.606 [JavaFX Application Thread] WARN  FXGLAssetLoaderServi - Failed to load SOUND
08:27:05.622 [JavaFX Application Thread] WARN  FXGLAssetLoaderServi - Asset "/assets/sounds/sound.wav" was not found!
08:27:05.623 [JavaFX Application Thread] WARN  FXGLAssetLoaderServi - Failed to load SOUND
08:27:05.638 [JavaFX Application Thread] WARN  FXGLAssetLoaderServi - Asset "/assets/sounds/sound.wav" was not found!
08:27:05.638 [JavaFX Application Thread] WARN  FXGLAssetLoaderServi - Failed to load SOUND
08:27:05.654 [JavaFX Application Thread] WARN  FXGLAssetLoaderServi - Asset "/assets/sounds/sound.wav" was not found!
08:27:05.654 [JavaFX Application Thread] WARN  FXGLAssetLoaderServi - Failed to load SOUND
08:27:05.670 [JavaFX Application Thread] WARN  FXGLAssetLoaderServi - Asset "/assets/sounds/sound.wav" was not found!
08:27:05.670 [JavaFX Application Thread] WARN  FXGLAssetLoaderServi - Failed to load SOUND
08:27:05.686 [JavaFX Application Thread] WARN  FXGLAssetLoaderServi - Asset "/assets/sounds/sound.wav" was not found!
08:27:05.686 [JavaFX Application Thread] WARN  FXGLAssetLoaderServi - Failed to load SOUND
08:27:05.702 [JavaFX Application Thread] WARN  FXGLAssetLoaderServi - Asset "/assets/sounds/sound.wav" was not found!
08:27:05.703 [JavaFX Application Thread] WARN  FXGLAssetLoaderServi - Failed to load SOUND
08:27:05.718 [JavaFX Application Thread] WARN  FXGLAssetLoaderServi - Asset "/assets/sounds/sound.wav" was not found!
08:27:05.719 [JavaFX Application Thread] WARN  FXGLAssetLoaderServi - Failed to load SOUND
08:27:05.734 [JavaFX Application Thread] WARN  FXGLAssetLoaderServi - Asset "/assets/sounds/sound.wav" was not found!
08:27:05.735 [JavaFX Application Thread] WARN  FXGLAssetLoaderServi - Failed to load SOUND
08:27:05.750 [JavaFX Application Thread] WARN  FXGLAssetLoaderServi - Asset "/assets/sounds/sound.wav" was not found!
08:27:05.750 [JavaFX Application Thread] WARN  FXGLAssetLoaderServi - Failed to load SOUND
08:27:05.766 [JavaFX Application Thread] WARN  FXGLAssetLoaderServi - Asset "/assets/sounds/sound.wav" was not found!
08:27:05.766 [JavaFX Application Thread] WARN  FXGLAssetLoaderServi - Failed to load SOUND
08:27:05.782 [JavaFX Application Thread] WARN  FXGLAssetLoaderServi - Asset "/assets/sounds/sound.wav" was not found!
08:27:05.782 [JavaFX Application Thread] WARN  FXGLAssetLoaderServi - Failed to load SOUND
08:27:05.798 [JavaFX Application Thread] WARN  FXGLAssetLoaderServi - Asset "/assets/sounds/sound.wav" was not found!
08:27:05.799 [JavaFX Application Thread] WARN  FXGLAssetLoaderServi - Failed to load SOUND
08:27:05.814 [JavaFX Application Thread] WARN  FXGLAssetLoaderServi - Asset "/assets/sounds/sound.wav" was not found!
08:27:05.814 [JavaFX Application Thread] WARN  FXGLAssetLoaderServi - Failed to load SOUND
08:27:05.831 [JavaFX Application Thread] WARN  FXGLAssetLoaderServi - Asset "/assets/sounds/sound.wav" was not found!
08:27:05.831 [JavaFX Application Thread] WARN  FXGLAssetLoaderServi - Failed to load SOUND
08:27:05.846 [JavaFX Application Thread] WARN  FXGLAssetLoaderServi - Asset "/assets/sounds/sound.wav" was not found!
08:27:05.846 [JavaFX Application Thread] WARN  FXGLAssetLoaderServi - Failed to load SOUND
08:27:05.862 [JavaFX Application Thread] WARN  FXGLAssetLoaderServi - Asset "/assets/sounds/sound.wav" was not found!
08:27:05.862 [JavaFX Application Thread] WARN  FXGLAssetLoaderServi - Failed to load SOUND
08:27:05.878 [JavaFX Application Thread] WARN  FXGLAssetLoaderServi - Asset "/assets/sounds/sound.wav" was not found!
08:27:05.878 [JavaFX Application Thread] WARN  FXGLAssetLoaderServi - Failed to load SOUND
08:27:05.911 [JavaFX Application Thread] WARN  FXGLAssetLoaderServi - Asset "/assets/sounds/sound.wav" was not found!
08:27:05.911 [JavaFX Application Thread] WARN  FXGLAssetLoaderServi - Failed to load SOUND
08:27:05.926 [JavaFX Application Thread] WARN  FXGLAssetLoaderServi - Asset "/assets/sounds/sound.wav" was not found!
08:27:05.927 [JavaFX Application Thread] WARN  FXGLAssetLoaderServi - Failed to load SOUND
08:27:05.943 [JavaFX Application Thread] WARN  FXGLAssetLoaderServi - Asset "/assets/sounds/sound.wav" was not found!
08:27:05.943 [JavaFX Application Thread] WARN  FXGLAssetLoaderServi - Failed to load SOUND
08:27:05.960 [JavaFX Application Thread] WARN  FXGLAssetLoaderServi - Asset "/assets/sounds/sound.wav" was not found!
08:27:05.960 [JavaFX Application Thread] WARN  FXGLAssetLoaderServi - Failed to load SOUND
08:27:05.974 [JavaFX Application Thread] WARN  FXGLAssetLoaderServi - Asset "/assets/sounds/sound.wav" was not found!
08:27:05.974 [JavaFX Application Thread] WARN  FXGLAssetLoaderServi - Failed to load SOUND
08:27:05.990 [JavaFX Application Thread] WARN  FXGLAssetLoaderServi - Asset "/assets/sounds/sound.wav" was not found!
08:27:05.991 [JavaFX Application Thread] WARN  FXGLAssetLoaderServi - Failed to load SOUND
08:27:06.007 [JavaFX Application Thread] WARN  FXGLAssetLoaderServi - Asset "/assets/sounds/sound.wav" was not found!
08:27:06.007 [JavaFX Application Thread] WARN  FXGLAssetLoaderServi - Failed to load SOUND
08:27:06.023 [JavaFX Application Thread] WARN  FXGLAssetLoaderServi - Asset "/assets/sounds/sound.wav" was not found!
08:27:06.023 [JavaFX Application Thread] WARN  FXGLAssetLoaderServi - Failed to load SOUND
08:27:06.039 [JavaFX Application Thread] WARN  FXGLAssetLoaderServi - Asset "/assets/sounds/sound.wav" was not found!
08:27:06.040 [JavaFX Application Thread] WARN  FXGLAssetLoaderServi - Failed to load SOUND
08:27:06.054 [JavaFX Application Thread] WARN  FXGLAssetLoaderServi - Asset "/assets/sounds/sound.wav" was not found!
08:27:06.054 [JavaFX Application Thread] WARN  FXGLAssetLoaderServi - Failed to load SOUND
08:27:06.070 [JavaFX Application Thread] WARN  FXGLAssetLoaderServi - Asset "/assets/sounds/sound.wav" was not found!
08:27:06.070 [JavaFX Application Thread] WARN  FXGLAssetLoaderServi - Failed to load SOUND
08:27:06.086 [JavaFX Application Thread] WARN  FXGLAssetLoaderServi - Asset "/assets/sounds/sound.wav" was not found!
08:27:06.086 [JavaFX Application Thread] WARN  FXGLAssetLoaderServi - Failed to load SOUND
08:27:06.102 [JavaFX Application Thread] WARN  FXGLAssetLoaderServi - Asset "/assets/sounds/sound.wav" was not found!
08:27:06.102 [JavaFX Application Thread] WARN  FXGLAssetLoaderServi - Failed to load SOUND
08:27:06.118 [JavaFX Application Thread] WARN  FXGLAssetLoaderServi - Asset "/assets/sounds/sound.wav" was not found!
08:27:06.118 [JavaFX Application Thread] WARN  FXGLAssetLoaderServi - Failed to load SOUND
08:27:06.134 [JavaFX Application Thread] WARN  FXGLAssetLoaderServi - Asset "/assets/sounds/sound.wav" was not found!
08:27:06.135 [JavaFX Application Thread] WARN  FXGLAssetLoaderServi - Failed to load SOUND
08:27:06.150 [JavaFX Application Thread] WARN  FXGLAssetLoaderServi - Asset "/assets/sounds/sound.wav" was not found!
08:27:06.150 [JavaFX Application Thread] WARN  FXGLAssetLoaderServi - Failed to load SOUND
08:27:06.166 [JavaFX Application Thread] WARN  FXGLAssetLoaderServi - Asset "/assets/sounds/sound.wav" was not found!
08:27:06.167 [JavaFX Application Thread] WARN  FXGLAssetLoaderServi - Failed to load SOUND
08:27:06.182 [JavaFX Application Thread] WARN  FXGLAssetLoaderServi - Asset "/assets/sounds/sound.wav" was not found!
08:27:06.182 [JavaFX Application Thread] WARN  FXGLAssetLoaderServi - Failed to load SOUND
08:27:06.237 [FXGL Background Thread 3 ] DEBUG Engine               - Logging environment variables
08:27:06.238 [FXGL Background Thread 3 ] DEBUG Engine               - achievements: []
08:27:06.238 [FXGL Background Thread 3 ] DEBUG Engine               - actualHeight: 360.0
08:27:06.238 [FXGL Background Thread 3 ] DEBUG Engine               - actualHeightProperty: ReadOnlyDoubleProperty [value: 360.0]
08:27:06.238 [FXGL Background Thread 3 ] DEBUG Engine               - actualWidth: 640.0
08:27:06.238 [FXGL Background Thread 3 ] DEBUG Engine               - actualWidthProperty: ReadOnlyDoubleProperty [value: 640.0]
08:27:06.238 [FXGL Background Thread 3 ] DEBUG Engine               - appIcon: fxgl_icon.png
08:27:06.238 [FXGL Background Thread 3 ] DEBUG Engine               - applicationMode: DEVELOPER
08:27:06.238 [FXGL Background Thread 3 ] DEBUG Engine               - cSSList: [fxgl_dark.css]
08:27:06.239 [FXGL Background Thread 3 ] DEBUG Engine               - collisionDetectionStrategy: BRUTE_FORCE
08:27:06.239 [FXGL Background Thread 3 ] DEBUG Engine               - configClass: Optional.empty
08:27:06.239 [FXGL Background Thread 3 ] DEBUG Engine               - credits: []
08:27:06.239 [FXGL Background Thread 3 ] DEBUG Engine               - defaultCursor: CursorInfo(imageName=fxgl_default_cursor.png, hotspotX=7.0, hotspotY=6.0)
08:27:06.239 [FXGL Background Thread 3 ] DEBUG Engine               - devBBoxColorProperty: ObjectProperty [value: 0xff0000ff]
08:27:06.239 [FXGL Background Thread 3 ] DEBUG Engine               - devEnableDebugCameraProperty: BooleanProperty [value: false]
08:27:06.239 [FXGL Background Thread 3 ] DEBUG Engine               - devSensorColorProperty: ObjectProperty [value: 0xffff00ff]
08:27:06.239 [FXGL Background Thread 3 ] DEBUG Engine               - devShowBBoxProperty: BooleanProperty [value: false]
08:27:06.239 [FXGL Background Thread 3 ] DEBUG Engine               - devShowPositionProperty: BooleanProperty [value: false]
08:27:06.240 [FXGL Background Thread 3 ] DEBUG Engine               - enabledMenuItems: []
08:27:06.240 [FXGL Background Thread 3 ] DEBUG Engine               - engineServices: [class com.almasb.fxgl.app.services.FXGLAssetLoaderService, class com.almasb.fxgl.app.FXGLApplication$GameApplicationService, class com.almasb.fxgl.app.services.FXGLDialogService, class com.almasb.fxgl.app.services.IOTaskExecutorService, class com.almasb.fxgl.io.FileSystemService, class com.almasb.fxgl.localization.LocalizationService, class com.almasb.fxgl.app.services.SystemBundleService, class com.almasb.fxgl.profile.SaveLoadService, class com.almasb.fxgl.ui.FXGLUIFactoryServiceProvider, class com.almasb.fxgl.ui.FXGLDialogFactoryServiceProvider, class com.almasb.fxgl.audio.AudioPlayer, class com.almasb.fxgl.notification.impl.NotificationServiceProvider, class com.almasb.fxgl.achievement.AchievementService, class com.almasb.fxgl.cutscene.CutsceneService, class com.almasb.fxgl.minigames.MiniGameService, class com.almasb.fxgl.net.NetService, class com.almasb.fxgl.app.services.UpdaterService, class com.almasb.fxgl.dev.DevService]
08:27:06.240 [FXGL Background Thread 3 ] DEBUG Engine               - fontGame: Abel-Regular.ttf
08:27:06.240 [FXGL Background Thread 3 ] DEBUG Engine               - fontMono: TerminalLandMono-Regular.otf
08:27:06.240 [FXGL Background Thread 3 ] DEBUG Engine               - fontSizeScaleUI: 1.0
08:27:06.240 [FXGL Background Thread 3 ] DEBUG Engine               - fontText: Courier-Prime.ttf
08:27:06.240 [FXGL Background Thread 3 ] DEBUG Engine               - fontUI: VarelaRound-Regular.ttf
08:27:06.240 [FXGL Background Thread 3 ] DEBUG Engine               - fpsRefreshRate: 500.0 ms
08:27:06.240 [FXGL Background Thread 3 ] DEBUG Engine               - fullScreen: BooleanProperty [value: false]
08:27:06.240 [FXGL Background Thread 3 ] DEBUG Engine               - gameDifficulty: MEDIUM
08:27:06.240 [FXGL Background Thread 3 ] DEBUG Engine               - gameDifficultyProperty: ObjectProperty [value: MEDIUM]
08:27:06.240 [FXGL Background Thread 3 ] DEBUG Engine               - globalMusicVolume: 0.5
08:27:06.240 [FXGL Background Thread 3 ] DEBUG Engine               - globalMusicVolumeProperty: DoubleProperty [value: 0.5]
08:27:06.240 [FXGL Background Thread 3 ] DEBUG Engine               - globalSoundVolume: 0.5
08:27:06.240 [FXGL Background Thread 3 ] DEBUG Engine               - globalSoundVolumeProperty: DoubleProperty [value: 0.5]
08:27:06.241 [FXGL Background Thread 3 ] DEBUG Engine               - height: 360
08:27:06.241 [FXGL Background Thread 3 ] DEBUG Engine               - is3D: false
08:27:06.241 [FXGL Background Thread 3 ] DEBUG Engine               - isAndroid: false
08:27:06.241 [FXGL Background Thread 3 ] DEBUG Engine               - isBrowser: false
08:27:06.241 [FXGL Background Thread 3 ] DEBUG Engine               - isClickFeedbackEnabled: false
08:27:06.241 [FXGL Background Thread 3 ] DEBUG Engine               - isCloseConfirmation: false
08:27:06.241 [FXGL Background Thread 3 ] DEBUG Engine               - isDesktop: true
08:27:06.241 [FXGL Background Thread 3 ] DEBUG Engine               - isDeveloperMenuEnabled: false
08:27:06.241 [FXGL Background Thread 3 ] DEBUG Engine               - isEmbedded: false
08:27:06.241 [FXGL Background Thread 3 ] DEBUG Engine               - isEntityPreloadEnabled: true
08:27:06.241 [FXGL Background Thread 3 ] DEBUG Engine               - isExperimentalTiledLargeMap: false
08:27:06.241 [FXGL Background Thread 3 ] DEBUG Engine               - isFileSystemWriteAllowed: true
08:27:06.241 [FXGL Background Thread 3 ] DEBUG Engine               - isFullScreenAllowed: false
08:27:06.241 [FXGL Background Thread 3 ] DEBUG Engine               - isFullScreenFromStart: false
08:27:06.241 [FXGL Background Thread 3 ] DEBUG Engine               - isGameMenuEnabled: true
08:27:06.241 [FXGL Background Thread 3 ] DEBUG Engine               - isIOS: false
08:27:06.241 [FXGL Background Thread 3 ] DEBUG Engine               - isIntroEnabled: false
08:27:06.241 [FXGL Background Thread 3 ] DEBUG Engine               - isLinux: false
08:27:06.241 [FXGL Background Thread 3 ] DEBUG Engine               - isMac: false
08:27:06.241 [FXGL Background Thread 3 ] DEBUG Engine               - isMainMenuEnabled: false
08:27:06.241 [FXGL Background Thread 3 ] DEBUG Engine               - isManualResizeEnabled: false
08:27:06.241 [FXGL Background Thread 3 ] DEBUG Engine               - isMobile: false
08:27:06.241 [FXGL Background Thread 3 ] DEBUG Engine               - isNative: false
08:27:06.241 [FXGL Background Thread 3 ] DEBUG Engine               - isPauseMusicWhenMinimized: true
08:27:06.241 [FXGL Background Thread 3 ] DEBUG Engine               - isPreserveResizeRatio: false
08:27:06.242 [FXGL Background Thread 3 ] DEBUG Engine               - isProfilingEnabled: false
08:27:06.242 [FXGL Background Thread 3 ] DEBUG Engine               - isScaleAffectedOnResize: true
08:27:06.242 [FXGL Background Thread 3 ] DEBUG Engine               - isSingleStep: false
08:27:06.242 [FXGL Background Thread 3 ] DEBUG Engine               - isUserProfileEnabled: false
08:27:06.242 [FXGL Background Thread 3 ] DEBUG Engine               - isWindows: true
08:27:06.242 [FXGL Background Thread 3 ] DEBUG Engine               - language: ObjectProperty [value: ENGLISH]
08:27:06.242 [FXGL Background Thread 3 ] DEBUG Engine               - menuKey: ESCAPE
08:27:06.242 [FXGL Background Thread 3 ] DEBUG Engine               - mouseSensitivity: 0.2
08:27:06.242 [FXGL Background Thread 3 ] DEBUG Engine               - notificationViewClass: class com.almasb.fxgl.notification.view.XboxNotificationView
08:27:06.242 [FXGL Background Thread 3 ] DEBUG Engine               - pixelsPerMeter: 50.0
08:27:06.242 [FXGL Background Thread 3 ] DEBUG Engine               - platform: WINDOWS
08:27:06.242 [FXGL Background Thread 3 ] DEBUG Engine               - prefHeightProperty: ReadOnlyDoubleProperty [value: 360.0]
08:27:06.242 [FXGL Background Thread 3 ] DEBUG Engine               - prefWidthProperty: ReadOnlyDoubleProperty [value: 640.0]
08:27:06.242 [FXGL Background Thread 3 ] DEBUG Engine               - profileDir: profiles/
08:27:06.242 [FXGL Background Thread 3 ] DEBUG Engine               - profileName: StringProperty [value: DEFAULT]
08:27:06.242 [FXGL Background Thread 3 ] DEBUG Engine               - randomSeed: -1
08:27:06.243 [FXGL Background Thread 3 ] DEBUG Engine               - runtimeInfo: RuntimeInfo(platform=WINDOWS, version=25, build=05.02.2026 22.57)
08:27:06.243 [FXGL Background Thread 3 ] DEBUG Engine               - saveFileExt: sav
08:27:06.243 [FXGL Background Thread 3 ] DEBUG Engine               - scaledHeightProp$fxgl: DoubleProperty [bound, value: 360.0]
08:27:06.243 [FXGL Background Thread 3 ] DEBUG Engine               - scaledWidthProp$fxgl: DoubleProperty [bound, value: 640.0]
08:27:06.243 [FXGL Background Thread 3 ] DEBUG Engine               - sceneFactory: com.almasb.fxgl.app.scene.SceneFactory@6c98c574
08:27:06.243 [FXGL Background Thread 3 ] DEBUG Engine               - secondsIn24h: 60
08:27:06.243 [FXGL Background Thread 3 ] DEBUG Engine               - soundMenuBack: menu/back.wav
08:27:06.243 [FXGL Background Thread 3 ] DEBUG Engine               - soundMenuPress: menu/press.wav
08:27:06.243 [FXGL Background Thread 3 ] DEBUG Engine               - soundMenuSelect: menu/select.wav
08:27:06.243 [FXGL Background Thread 3 ] DEBUG Engine               - soundNotification: core/notification.wav
08:27:06.243 [FXGL Background Thread 3 ] DEBUG Engine               - stageStyle: DECORATED
08:27:06.243 [FXGL Background Thread 3 ] DEBUG Engine               - supportedLanguages: [ENGLISH, FRENCH, GERMAN, HUNGARIAN, RUSSIAN]
08:27:06.244 [FXGL Background Thread 3 ] DEBUG Engine               - ticksPerSecond: -1
08:27:06.244 [FXGL Background Thread 3 ] DEBUG Engine               - title: ping pong
08:27:06.244 [FXGL Background Thread 3 ] DEBUG Engine               - urlGithub: https://github.com/AlmasB/FXGL
08:27:06.244 [FXGL Background Thread 3 ] DEBUG Engine               - urlLeaderboard: http://fxgl-top.herokuapp.com/
08:27:06.244 [FXGL Background Thread 3 ] DEBUG Engine               - urlPOM: https://raw.githubusercontent.com/AlmasB/FXGL/release/README.md
08:27:06.244 [FXGL Background Thread 3 ] DEBUG Engine               - userAppClass: class com.nando.PingpongApp
08:27:06.244 [FXGL Background Thread 3 ] DEBUG Engine               - version: 
08:27:06.244 [FXGL Background Thread 3 ] DEBUG Engine               - versionCheckDays: 7
08:27:06.244 [FXGL Background Thread 3 ] DEBUG Engine               - width: 640
08:27:06.244 [FXGL Background Thread 3 ] DEBUG Engine               - Logging services
08:27:06.244 [FXGL Background Thread 3 ] DEBUG Engine               - class com.almasb.fxgl.app.services.FXGLAssetLoaderService
08:27:06.244 [FXGL Background Thread 3 ] DEBUG Engine               - class com.almasb.fxgl.app.FXGLApplication$GameApplicationService
08:27:06.244 [FXGL Background Thread 3 ] DEBUG Engine               - class com.almasb.fxgl.app.services.FXGLDialogService
08:27:06.244 [FXGL Background Thread 3 ] DEBUG Engine               - class com.almasb.fxgl.app.services.IOTaskExecutorService
08:27:06.244 [FXGL Background Thread 3 ] DEBUG Engine               - class com.almasb.fxgl.io.FileSystemService
08:27:06.244 [FXGL Background Thread 3 ] DEBUG Engine               - class com.almasb.fxgl.localization.LocalizationService
08:27:06.244 [FXGL Background Thread 3 ] DEBUG Engine               - class com.almasb.fxgl.app.services.SystemBundleService
08:27:06.244 [FXGL Background Thread 3 ] DEBUG Engine               - class com.almasb.fxgl.profile.SaveLoadService
08:27:06.244 [FXGL Background Thread 3 ] DEBUG Engine               - class com.almasb.fxgl.ui.FXGLUIFactoryServiceProvider
08:27:06.244 [FXGL Background Thread 3 ] DEBUG Engine               - class com.almasb.fxgl.ui.FXGLDialogFactoryServiceProvider
08:27:06.244 [FXGL Background Thread 3 ] DEBUG Engine               - class com.almasb.fxgl.audio.AudioPlayer
08:27:06.244 [FXGL Background Thread 3 ] DEBUG Engine               - class com.almasb.fxgl.notification.impl.NotificationServiceProvider
08:27:06.244 [FXGL Background Thread 3 ] DEBUG Engine               - class com.almasb.fxgl.achievement.AchievementService
08:27:06.244 [FXGL Background Thread 3 ] DEBUG Engine               - class com.almasb.fxgl.cutscene.CutsceneService
08:27:06.245 [FXGL Background Thread 3 ] DEBUG Engine               - class com.almasb.fxgl.minigames.MiniGameService
08:27:06.245 [FXGL Background Thread 3 ] DEBUG Engine               - class com.almasb.fxgl.net.NetService
08:27:06.245 [FXGL Background Thread 3 ] DEBUG Engine               - class com.almasb.fxgl.app.services.UpdaterService
08:27:06.245 [FXGL Background Thread 3 ] DEBUG Engine               - class com.almasb.fxgl.dev.DevService
08:27:07.959 [JavaFX Application Thread] WARN  FXGLAssetLoaderServi - Asset "/assets/sounds/sound.wav" was not found!
08:27:07.959 [JavaFX Application Thread] WARN  FXGLAssetLoaderServi - Failed to load SOUND
08:27:08.390 [JavaFX Application Thread] WARN  FXGLAssetLoaderServi - Asset "/assets/sounds/sound.wav" was not found!
08:27:08.391 [JavaFX Application Thread] WARN  FXGLAssetLoaderServi - Failed to load SOUND
08:27:08.822 [JavaFX Application Thread] WARN  FXGLAssetLoaderServi - Asset "/assets/sounds/sound.wav" was not found!
08:27:08.823 [JavaFX Application Thread] WARN  FXGLAssetLoaderServi - Failed to load SOUND
08:27:09.255 [JavaFX Application Thread] WARN  FXGLAssetLoaderServi - Asset "/assets/sounds/sound.wav" was not found!
08:27:09.255 [JavaFX Application Thread] WARN  FXGLAssetLoaderServi - Failed to load SOUND
08:27:12.633 [JavaFX Application Thread] WARN  FXGLAssetLoaderServi - Asset "/assets/sounds/sound.wav" was not found!
08:27:12.633 [JavaFX Application Thread] WARN  FXGLAssetLoaderServi - Failed to load SOUND
08:27:12.633 [JavaFX Application Thread] WARN  FXGLAssetLoaderServi - Asset "/assets/sounds/sound.wav" was not found!
08:27:12.633 [JavaFX Application Thread] WARN  FXGLAssetLoaderServi - Failed to load SOUND
08:27:12.694 [JavaFX Application Thread] WARN  FXGLAssetLoaderServi - Asset "/assets/sounds/sound.wav" was not found!
08:27:12.694 [JavaFX Application Thread] WARN  FXGLAssetLoaderServi - Failed to load SOUND
08:27:14.405 [JavaFX Application Thread] DEBUG FXGLApplication      - Exiting FXGL
08:27:14.405 [JavaFX Application Thread] DEBUG LoopRunner           - Stopping loop
08:27:14.406 [JavaFX Application Thread] DEBUG SystemBundleService  - Saving FXGL system data
08:27:14.408 [JavaFX Application Thread] DEBUG FileSystemAccess     - Writing to: D:\project\java\GameApp\system\fxgl.bundle
08:27:14.411 [JavaFX Application Thread] DEBUG Async                - Shutting down background threads
08:27:14.412 [JavaFX Application Thread] DEBUG PrimaryStageWindow   - Closing main window
08:27:14.432 [JavaFX Application Thread] DEBUG Logger               - Closing Logger
